[info] Wechat Lib:3.17.2, 2026.9.8 20:10:23
[error] THREE.WebGLRenderer: e.addEventListener is not a function. (In 'e.addEventListener("webglcontextlost",Qt,!1)', 'e.addEventListener' is undefined)
[error] MiniProgramError
e.addEventListener is not a function. (In 'e.addEventListener("webglcontextlost",Qt,!1)', 'e.addEventListener' is undefined)
TypeError: e.addEventListener is not a function. (In 'e.addEventListener("webglcontextlost",Qt,!1)', 'e.addEventListener' is undefined)
at Lp (game.js:3805:19776)
Qo@
at  (game.js:3805:82001)
at  (game.js:3805:84985)
at <require(game.js)>
at  (WAGameSubContext.js:1:137650)
at runWith (WAGameSubContext.js:1:136319)
at P (WAGameSubContext.js:1:137638)
at global code (game.js:3807:17)
at  (native code)
at evaluateScriptFile (WAGame.js:1:208322)
at forEach (native code)
at  (WAGame.js:1:205764)
at callDelayFnSync (WAGame.js:1:206277)
at y (WAGame.js:1:181051)
at  (WAGame.js:1:221857)
at  (WAGame.js:1:197047)
at s (WAGame.js:1:197222)
at V (WAGame.js:1:221783)
at i (WAGame.js:1:221323)
at  (WAGame.js:1:221527)
at a (WAGame.js:1:112062)
at  (WAGame.js:1:112654)
at _privEmit (WAGame.js:1:103594)
at Ze (WAGame.js:1:112861)
at lt (WAGame.js:1:114856)
at  (WAGame.js:1:114675)
at a (WAGame.js:1:112062)
at Qe (WAGame.js:1:112138)
at Qe (native code)
at  (WAGame.js:1:114640)
at ot (WAGame.js:1:114702)
at a (WAGame.js:1:112062)
at  (WAGame.js:1:112654)
at _privEmit (WAGame.js:1:103594)
at Ze (WAGame.js:1:112861)
at  (WAGame.js:1:113724)
at global code (WAGame.js:1:2581718)
[error] MiniProgramError
TypeError
Error: TypeError
line:3805,column:19776,TypeError: e.addEventListener is not a function. (In 'e.addEventListener("webglcontextlost",Qt,!1)', 'e.addEventListener' is undefined) Stack:at Lp (game.js:3805:19776)
Qo@
at  (game.js:3805:82001)
at  (game.js:3805:84985)
at <require(game.js)>
at  (WAGameSubContext.js:1:137650)
at runWith (WAGameSubContext.js:1:136319)
at P (WAGameSubContext.js:1:137638)
at global code (game.js:3807:17)
at  (native code)
at evaluateScriptFile (WAGame.js:1:208322)
at forEach (native code)
at  (WAGame.js:1:205764)
at callDelayFnSync (WAGame.js:1:206277)
at y (WAGame.js:1:181051)
at  (WAGame.js:1:221857)
at  (WAGame.js:1:197047)
at s (WAGame.js:1:197222)
at V (WAGame.js:1:221783)
at i (WAGame.js:1:221323)
at  (WAGame.js:1:221527)
at a (WAGame.js:1:112062)
at  (WAGame.js:1:112654)
at _privEmit (WAGame.js:1:103594)
at Ze (WAGame.js:1:112861)
at lt (WAGame.js:1:114856)
at  (WAGame.js:1:114675)
at a (WAGame.js:1:112062)
at Qe (WAGame.js:1:112138)
at Qe (native code)
at  (WAGame.js:1:114640)
at ot (WAGame.js:1:114702)
at a (WAGame.js:1:112062)
at  (WAGame.js:1:112654)
at _privEmit (WAGame.js:1:103594)
at Ze (WAGame.js:1:112861)
at  (WAGame.js:1:113724)
at global code (WAGame.js:1:2581718)
[log] [rccEngine] Worker 初始化完成
[error] (in promise) SystemError (appServiceSDKScriptError)
timeout
Error: timeout
at  (WAGame.js:1:1954148)
at h (WAGame.js:1:225434)
at  (WAGame.js:1:168812)
